>RUN
1
1122
0
00
01
02
03
04
A
AB
CD

>
