>LIST
10 PRINT 1
20 PRINT 11 22
30 PRINT A
40 PRINT A ; B
50 PRINT A ; 1
60 PRINT A ; 2
70 PRINT A ; 3
80 PRINT A ; 4
90 PRINT "A"
100 PRINT "A" ; "B"
120 PRINT "C" ;
130 PRINT "D"
140 END

