>RUN
-9,-9 is -18 0 81 1 _ 
-9,-8 is -17 -1 72 1 _ 
-9,-7 is -16 -2 63 1 _ 
-9,-6 is -15 -3 54 1 _ 
-9,-5 is -14 -4 45 1 _ 
-9,-4 is -13 -5 36 2 _ 
-9,-3 is -12 -6 27 3 _ 
-9,-2 is -11 -7 18 4 _ 
-9,-1 is -10 -8 9 9 _ 
-9,0 is -9 -9 0 _ _ 
-9,1 is -8 -10 -9 -9 _ 
-9,2 is -7 -11 -18 -4 _ 
-9,3 is -6 -12 -27 -3 _ 
-9,4 is -5 -13 -36 -2 _ 
-9,5 is -4 -14 -45 -1 _ 
-9,6 is -3 -15 -54 -1 _ 
-9,7 is -2 -16 -63 -1 _ 
-9,8 is -1 -17 -72 -1 _ 
-9,9 is 0 -18 -81 -1 _ 
-8,-9 is -17 1 72 0 8 
-8,-8 is -16 0 64 1 _ 
-8,-7 is -15 -1 56 1 _ 
-8,-6 is -14 -2 48 1 _ 
-8,-5 is -13 -3 40 1 _ 
-8,-4 is -12 -4 32 2 _ 
-8,-3 is -11 -5 24 2 _ 
-8,-2 is -10 -6 16 4 _ 
-8,-1 is -9 -7 8 8 _ 
-8,0 is -8 -8 0 _ _ 
-8,1 is -7 -9 -8 -8 _ 
-8,2 is -6 -10 -16 -4 _ 
-8,3 is -5 -11 -24 -2 _ 
-8,4 is -4 -12 -32 -2 _ 
-8,5 is -3 -13 -40 -1 _ 
-8,6 is -2 -14 -48 -1 _ 
-8,7 is -1 -15 -56 -1 _ 
-8,8 is 0 -16 -64 -1 _ 
-8,9 is 1 -17 -72 0 _ 
-7,-9 is -16 2 63 0 7 
-7,-8 is -15 1 56 0 7 
-7,-7 is -14 0 49 1 _ 
-7,-6 is -13 -1 42 1 _ 
-7,-5 is -12 -2 35 1 _ 
-7,-4 is -11 -3 28 1 _ 
-7,-3 is -10 -4 21 2 _ 
-7,-2 is -9 -5 14 3 _ 
-7,-1 is -8 -6 7 7 _ 
-7,0 is -7 -7 0 _ _ 
-7,1 is -6 -8 -7 -7 _ 
-7,2 is -5 -9 -14 -3 _ 
-7,3 is -4 -10 -21 -2 _ 
-7,4 is -3 -11 -28 -1 _ 
-7,5 is -2 -12 -35 -1 _ 
-7,6 is -1 -13 -42 -1 _ 
-7,7 is 0 -14 -49 -1 _ 
-7,8 is 1 -15 -56 0 _ 
-7,9 is 2 -16 -63 0 _ 
-6,-9 is -15 3 54 0 6 
-6,-8 is -14 2 48 0 6 
-6,-7 is -13 1 42 0 6 
-6,-6 is -12 0 36 1 _ 
-6,-5 is -11 -1 30 1 _ 
-6,-4 is -10 -2 24 1 _ 
-6,-3 is -9 -3 18 2 _ 
-6,-2 is -8 -4 12 3 _ 
-6,-1 is -7 -5 6 6 _ 
-6,0 is -6 -6 0 _ _ 
-6,1 is -5 -7 -6 -6 _ 
-6,2 is -4 -8 -12 -3 _ 
-6,3 is -3 -9 -18 -2 _ 
-6,4 is -2 -10 -24 -1 _ 
-6,5 is -1 -11 -30 -1 _ 
-6,6 is 0 -12 -36 -1 _ 
-6,7 is 1 -13 -42 0 _ 
-6,8 is 2 -14 -48 0 _ 
-6,9 is 3 -15 -54 0 _ 
-5,-9 is -14 4 45 0 5 
-5,-8 is -13 3 40 0 5 
-5,-7 is -12 2 35 0 5 
-5,-6 is -11 1 30 0 5 
-5,-5 is -10 0 25 1 _ 
-5,-4 is -9 -1 20 1 _ 
-5,-3 is -8 -2 15 1 _ 
-5,-2 is -7 -3 10 2 _ 
-5,-1 is -6 -4 5 5 _ 
-5,0 is -5 -5 0 _ _ 
-5,1 is -4 -6 -5 -5 _ 
-5,2 is -3 -7 -10 -2 _ 
-5,3 is -2 -8 -15 -1 _ 
-5,4 is -1 -9 -20 -1 _ 
-5,5 is 0 -10 -25 -1 _ 
-5,6 is 1 -11 -30 0 _ 
-5,7 is 2 -12 -35 0 _ 
-5,8 is 3 -13 -40 0 _ 
-5,9 is 4 -14 -45 0 _ 
-4,-9 is -13 5 36 0 4 
-4,-8 is -12 4 32 0 4 
-4,-7 is -11 3 28 0 4 
-4,-6 is -10 2 24 0 4 
-4,-5 is -9 1 20 0 4 
-4,-4 is -8 0 16 1 _ 
-4,-3 is -7 -1 12 1 _ 
-4,-2 is -6 -2 8 2 _ 
-4,-1 is -5 -3 4 4 _ 
-4,0 is -4 -4 0 _ _ 
-4,1 is -3 -5 -4 -4 _ 
-4,2 is -2 -6 -8 -2 _ 
-4,3 is -1 -7 -12 -1 _ 
-4,4 is 0 -8 -16 -1 _ 
-4,5 is 1 -9 -20 0 _ 
-4,6 is 2 -10 -24 0 _ 
-4,7 is 3 -11 -28 0 _ 
-4,8 is 4 -12 -32 0 _ 
-4,9 is 5 -13 -36 0 _ 
-3,-9 is -12 6 27 0 3 
-3,-8 is -11 5 24 0 3 
-3,-7 is -10 4 21 0 3 
-3,-6 is -9 3 18 0 3 
-3,-5 is -8 2 15 0 3 
-3,-4 is -7 1 12 0 3 
-3,-3 is -6 0 9 1 _ 
-3,-2 is -5 -1 6 1 _ 
-3,-1 is -4 -2 3 3 _ 
-3,0 is -3 -3 0 _ _ 
-3,1 is -2 -4 -3 -3 _ 
-3,2 is -1 -5 -6 -1 _ 
-3,3 is 0 -6 -9 -1 _ 
-3,4 is 1 -7 -12 0 _ 
-3,5 is 2 -8 -15 0 _ 
-3,6 is 3 -9 -18 0 _ 
-3,7 is 4 -10 -21 0 _ 
-3,8 is 5 -11 -24 0 _ 
-3,9 is 6 -12 -27 0 _ 
-2,-9 is -11 7 18 0 2 
-2,-8 is -10 6 16 0 2 
-2,-7 is -9 5 14 0 2 
-2,-6 is -8 4 12 0 2 
-2,-5 is -7 3 10 0 2 
-2,-4 is -6 2 8 0 2 
-2,-3 is -5 1 6 0 2 
-2,-2 is -4 0 4 1 _ 
-2,-1 is -3 -1 2 2 _ 
-2,0 is -2 -2 0 _ _ 
-2,1 is -1 -3 -2 -2 _ 
-2,2 is 0 -4 -4 -1 _ 
-2,3 is 1 -5 -6 0 _ 
-2,4 is 2 -6 -8 0 _ 
-2,5 is 3 -7 -10 0 _ 
-2,6 is 4 -8 -12 0 _ 
-2,7 is 5 -9 -14 0 _ 
-2,8 is 6 -10 -16 0 _ 
-2,9 is 7 -11 -18 0 _ 
-1,-9 is -10 8 9 0 1 
-1,-8 is -9 7 8 0 1 
-1,-7 is -8 6 7 0 1 
-1,-6 is -7 5 6 0 1 
-1,-5 is -6 4 5 0 1 
-1,-4 is -5 3 4 0 1 
-1,-3 is -4 2 3 0 1 
-1,-2 is -3 1 2 0 1 
-1,-1 is -2 0 1 1 _ 
-1,0 is -1 -1 0 _ _ 
-1,1 is 0 -2 -1 -1 _ 
-1,2 is 1 -3 -2 0 _ 
-1,3 is 2 -4 -3 0 _ 
-1,4 is 3 -5 -4 0 _ 
-1,5 is 4 -6 -5 0 _ 
-1,6 is 5 -7 -6 0 _ 
-1,7 is 6 -8 -7 0 _ 
-1,8 is 7 -9 -8 0 _ 
-1,9 is 8 -10 -9 0 _ 
0,-9 is -9 9 0 0 0 
0,-8 is -8 8 0 0 0 
0,-7 is -7 7 0 0 0 
0,-6 is -6 6 0 0 0 
0,-5 is -5 5 0 0 0 
0,-4 is -4 4 0 0 0 
0,-3 is -3 3 0 0 0 
0,-2 is -2 2 0 0 0 
0,-1 is -1 1 0 0 0 
0,0 is 0 0 0 _ _ 
0,1 is 1 -1 0 0 _ 
0,2 is 2 -2 0 0 _ 
0,3 is 3 -3 0 0 _ 
0,4 is 4 -4 0 0 _ 
0,5 is 5 -5 0 0 _ 
0,6 is 6 -6 0 0 _ 
0,7 is 7 -7 0 0 _ 
0,8 is 8 -8 0 0 _ 
0,9 is 9 -9 0 0 _ 
1,-9 is -8 10 -9 0 -1 
1,-8 is -7 9 -8 0 -1 
1,-7 is -6 8 -7 0 -1 
1,-6 is -5 7 -6 0 -1 
1,-5 is -4 6 -5 0 -1 
1,-4 is -3 5 -4 0 -1 
1,-3 is -2 4 -3 0 -1 
1,-2 is -1 3 -2 0 -1 
1,-1 is 0 2 -1 -1 0 
1,0 is 1 1 0 _ 1 
1,1 is 2 0 1 1 _ 
1,2 is 3 -1 2 0 _ 
1,3 is 4 -2 3 0 _ 
1,4 is 5 -3 4 0 _ 
1,5 is 6 -4 5 0 _ 
1,6 is 7 -5 6 0 _ 
1,7 is 8 -6 7 0 _ 
1,8 is 9 -7 8 0 _ 
1,9 is 10 -8 9 0 _ 
2,-9 is -7 11 -18 0 -2 
2,-8 is -6 10 -16 0 -2 
2,-7 is -5 9 -14 0 -2 
2,-6 is -4 8 -12 0 -2 
2,-5 is -3 7 -10 0 -2 
2,-4 is -2 6 -8 0 -2 
2,-3 is -1 5 -6 0 -2 
2,-2 is 0 4 -4 -1 0 
2,-1 is 1 3 -2 -2 0 
2,0 is 2 2 0 _ 2 
2,1 is 3 1 2 2 0 
2,2 is 4 0 4 1 _ 
2,3 is 5 -1 6 0 _ 
2,4 is 6 -2 8 0 _ 
2,5 is 7 -3 10 0 _ 
2,6 is 8 -4 12 0 _ 
2,7 is 9 -5 14 0 _ 
2,8 is 10 -6 16 0 _ 
2,9 is 11 -7 18 0 _ 
3,-9 is -6 12 -27 0 -3 
3,-8 is -5 11 -24 0 -3 
3,-7 is -4 10 -21 0 -3 
3,-6 is -3 9 -18 0 -3 
3,-5 is -2 8 -15 0 -3 
3,-4 is -1 7 -12 0 -3 
3,-3 is 0 6 -9 -1 0 
3,-2 is 1 5 -6 -1 -1 
3,-1 is 2 4 -3 -3 0 
3,0 is 3 3 0 _ 3 
3,1 is 4 2 3 3 0 
3,2 is 5 1 6 1 1 
3,3 is 6 0 9 1 _ 
3,4 is 7 -1 12 0 _ 
3,5 is 8 -2 15 0 _ 
3,6 is 9 -3 18 0 _ 
3,7 is 10 -4 21 0 _ 
3,8 is 11 -5 24 0 _ 
3,9 is 12 -6 27 0 _ 
4,-9 is -5 13 -36 0 -4 
4,-8 is -4 12 -32 0 -4 
4,-7 is -3 11 -28 0 -4 
4,-6 is -2 10 -24 0 -4 
4,-5 is -1 9 -20 0 -4 
4,-4 is 0 8 -16 -1 0 
4,-3 is 1 7 -12 -1 -1 
4,-2 is 2 6 -8 -2 0 
4,-1 is 3 5 -4 -4 0 
4,0 is 4 4 0 _ 4 
4,1 is 5 3 4 4 0 
4,2 is 6 2 8 2 0 
4,3 is 7 1 12 1 1 
4,4 is 8 0 16 1 _ 
4,5 is 9 -1 20 0 _ 
4,6 is 10 -2 24 0 _ 
4,7 is 11 -3 28 0 _ 
4,8 is 12 -4 32 0 _ 
4,9 is 13 -5 36 0 _ 
5,-9 is -4 14 -45 0 -5 
5,-8 is -3 13 -40 0 -5 
5,-7 is -2 12 -35 0 -5 
5,-6 is -1 11 -30 0 -5 
5,-5 is 0 10 -25 -1 0 
5,-4 is 1 9 -20 -1 -1 
5,-3 is 2 8 -15 -1 -2 
5,-2 is 3 7 -10 -2 -1 
5,-1 is 4 6 -5 -5 0 
5,0 is 5 5 0 _ 5 
5,1 is 6 4 5 5 0 
5,2 is 7 3 10 2 1 
5,3 is 8 2 15 1 2 
5,4 is 9 1 20 1 1 
5,5 is 10 0 25 1 _ 
5,6 is 11 -1 30 0 _ 
5,7 is 12 -2 35 0 _ 
5,8 is 13 -3 40 0 _ 
5,9 is 14 -4 45 0 _ 
6,-9 is -3 15 -54 0 -6 
6,-8 is -2 14 -48 0 -6 
6,-7 is -1 13 -42 0 -6 
6,-6 is 0 12 -36 -1 0 
6,-5 is 1 11 -30 -1 -1 
6,-4 is 2 10 -24 -1 -2 
6,-3 is 3 9 -18 -2 0 
6,-2 is 4 8 -12 -3 0 
6,-1 is 5 7 -6 -6 0 
6,0 is 6 6 0 _ 6 
6,1 is 7 5 6 6 0 
6,2 is 8 4 12 3 0 
6,3 is 9 3 18 2 0 
6,4 is 10 2 24 1 2 
6,5 is 11 1 30 1 1 
6,6 is 12 0 36 1 _ 
6,7 is 13 -1 42 0 _ 
6,8 is 14 -2 48 0 _ 
6,9 is 15 -3 54 0 _ 
7,-9 is -2 16 -63 0 -7 
7,-8 is -1 15 -56 0 -7 
7,-7 is 0 14 -49 -1 0 
7,-6 is 1 13 -42 -1 -1 
7,-5 is 2 12 -35 -1 -2 
7,-4 is 3 11 -28 -1 -3 
7,-3 is 4 10 -21 -2 -1 
7,-2 is 5 9 -14 -3 -1 
7,-1 is 6 8 -7 -7 0 
7,0 is 7 7 0 _ 7 
7,1 is 8 6 7 7 0 
7,2 is 9 5 14 3 1 
7,3 is 10 4 21 2 1 
7,4 is 11 3 28 1 3 
7,5 is 12 2 35 1 2 
7,6 is 13 1 42 1 1 
7,7 is 14 0 49 1 _ 
7,8 is 15 -1 56 0 _ 
7,9 is 16 -2 63 0 _ 
8,-9 is -1 17 -72 0 -8 
8,-8 is 0 16 -64 -1 0 
8,-7 is 1 15 -56 -1 -1 
8,-6 is 2 14 -48 -1 -2 
8,-5 is 3 13 -40 -1 -3 
8,-4 is 4 12 -32 -2 0 
8,-3 is 5 11 -24 -2 -2 
8,-2 is 6 10 -16 -4 0 
8,-1 is 7 9 -8 -8 0 
8,0 is 8 8 0 _ 8 
8,1 is 9 7 8 8 0 
8,2 is 10 6 16 4 0 
8,3 is 11 5 24 2 2 
8,4 is 12 4 32 2 0 
8,5 is 13 3 40 1 3 
8,6 is 14 2 48 1 2 
8,7 is 15 1 56 1 1 
8,8 is 16 0 64 1 _ 
8,9 is 17 -1 72 0 _ 
9,-9 is 0 18 -81 -1 0 
9,-8 is 1 17 -72 -1 -1 
9,-7 is 2 16 -63 -1 -2 
9,-6 is 3 15 -54 -1 -3 
9,-5 is 4 14 -45 -1 -4 
9,-4 is 5 13 -36 -2 -1 
9,-3 is 6 12 -27 -3 0 
9,-2 is 7 11 -18 -4 -1 
9,-1 is 8 10 -9 -9 0 
9,0 is 9 9 0 _ 9 
9,1 is 10 8 9 9 0 
9,2 is 11 7 18 4 1 
9,3 is 12 6 27 3 0 
9,4 is 13 5 36 2 1 
9,5 is 14 4 45 1 4 
9,6 is 15 3 54 1 3 
9,7 is 16 2 63 1 2 
9,8 is 17 1 72 1 1 
9,9 is 18 0 81 1 _ 

>
